
> rodizio-ragnatales@0.1.0 build
> prisma generate && next build

Prisma schema loaded from prisma\schema.prisma

Γ£ö Generated Prisma Client (v6.19.0) to .\node_modules\@prisma\client in 89ms

Start by importing your Prisma Client (See: https://pris.ly/d/importing-client)

Tip: Interested in query caching in just a few lines of code? Try Accelerate today! https://pris.ly/tip-3-accelerate

   Γû▓ Next.js 16.0.10 (Turbopack)

   Creating an optimized production build ...
 Γ£ô Compiled successfully in 2.3s
   Running TypeScript ...
node.exe : Failed to compile.
No linha:1 caractere:1
+ & "C:\Program Files\nodejs/node.exe" "C:\Program Files\nodejs/node_mo ...
+ ~~~~~~~~~~~~~~~~~~~~~~~~~~~~~~~~~~~~~~~~~~~~~~~~~~~~~~~~~~~~~~~~~~~~~
    + CategoryInfo          : NotSpecified: (Failed to compile.:String) [], RemoteException
    + FullyQualifiedErrorId : NativeCommandError
 

./app/carrys/calendario/page.tsx:123:7
Type error: Cannot find name 'showToast'.

[0m [90m 121 |[39m     } [36mcatch[39m (error) {
 [90m 122 |[39m       console[33m.[39merror([32m'Erro ao reagendar:'[39m[33m,[39m error)
[31m[1m>[22m[39m[90m 123 |[39m       showToast([32m'Erro ao reagendar carry'[39m[33m,[39m [32m'error'[39m)
 [90m     |[39m       [31m[1m^[22m[39m
 [90m 124 |[39m     }
 [90m 125 |[39m   }
 [90m 126 |[39m[0m
Next.js build worker exited with code: 1 and signal: null
